<table cellpadding="0" cellspacing="2" unselectable="on">
  <tbody>
    <tr>
      <td valign="top"></td>
      <td valign="top"></td>
      <td valign="top"></td>
      <td valign="top"></td>
    </tr>
    <tr>
      <td valign="top"></td>
      <td valign="top"></td>
      <td valign="top"></td>
      <td valign="top"></td>
    </tr>
    <tr>
      <td valign="top"></td>
      <td valign="top"></td>
      <td valign="top"></td>
      <td valign="top"></td>
    </tr>
  </tbody>
</table>