<table width="100%" unselectable="on">
  <tbody>
    <tr>
      <td valign="top" width="25%"></td>
      <td valign="top" width="25%"></td>
      <td valign="top" width="25%"></td>
      <td valign="top" width="25%"></td>
    </tr>
    <tr>
      <td valign="top" width="25%"></td>
      <td valign="top" width="25%"></td>
      <td valign="top" width="25%"></td>
      <td valign="top" width="25%"></td>
    </tr>
    <tr>
      <td valign="top" width="25%"></td>
      <td valign="top" width="25%"></td>
      <td valign="top" width="25%"></td>
      <td valign="top" width="25%"></td>
    </tr>
  </tbody>
</table>