<table unselectable="on">
  <tbody>
    <tr>
      <td valign="top"></td>
      <td valign="top"></td>
      <td valign="top"></td>
      <td valign="top"></td>
    </tr>
    <tr>
      <td valign="top"></td>
      <td valign="top"></td>
      <td valign="top"></td>
      <td valign="top"></td>
    </tr>
    <tr>
      <td valign="top"></td>
      <td valign="top"></td>
      <td valign="top"></td>
      <td valign="top"></td>
    </tr>
  </tbody>
</table>