<table width="400" unselectable="on">
  <tbody>
    <tr>
      <td valign="top" width="100"></td>
      <td valign="top" width="100"></td>
      <td valign="top" width="100"></td>
      <td valign="top" width="100"></td>
    </tr>
    <tr>
      <td valign="top" width="100"></td>
      <td valign="top" width="100"></td>
      <td valign="top" width="100"></td>
      <td valign="top" width="100"></td>
    </tr>
    <tr>
      <td valign="top" width="100"></td>
      <td valign="top" width="100"></td>
      <td valign="top" width="100"></td>
      <td valign="top" width="100"></td>
    </tr>
  </tbody>
</table>